// Vitest Snapshot v1, https://vitest.dev/guide/snapshot.html

exports[`SearchForm > renders snapshot 1`] = `
<form
  class="mb-6 relative max-w-80 h-auto"
  role="form"
>
  <div>
    <label
      class="sr-only"
      for="search"
    >
      Search
    </label>
    Â 
    <input
      autocomplete="off"
      class="w-80 py-2 bg-transparent border-b border-red-600 text-slate-50"
      id="search"
      placeholder="Search must be at least 4 characters"
      type="text"
      value="test"
    />
  </div>
  <button
    aria-label="Submit search"
    class="absolute right-0 bottom-3"
    type="submit"
  >
    <svg
      class="text-red-600"
      fill="currentColor"
      height="20"
      stroke="currentColor"
      stroke-width="0"
      viewBox="0 0 24 24"
      width="20"
      xmlns="http://www.w3.org/2000/svg"
    >
      <path
        d="M10.25 2a8.25 8.25 0 0 1 6.34 13.53l5.69 5.69a.749.749 0 0 1-.326 1.275.749.749 0 0 1-.734-.215l-5.69-5.69A8.25 8.25 0 1 1 10.25 2ZM3.5 10.25a6.75 6.75 0 1 0 13.5 0 6.75 6.75 0 0 0-13.5 0Z"
      />
    </svg>
  </button>
</form>
`;
